[    0.000000] Linux version 4.15.0-135-generic (buildd@lgw01-amd64-005) (gcc version 7.5.0 (Ubuntu 7.5.0-3ubuntu1~18.04)) #139-Ubuntu SMP Mon Jan 18 17:38:24 UTC 2021 (Ubuntu 4.15.0-135.139-generic 4.15.18)
[    0.000000] Command line: BOOT_IMAGE=/boot/vmlinuz-4.15.0-135-generic root=UUID=a7cc7f74-b099-45a4-9eb5-9d006fce0a97 ro console=tty1 console=ttyS0
[    0.000000] KERNEL supported cpus:
[    0.000000]   Intel GenuineIntel
[    0.000000]   AMD AuthenticAMD
[    0.000000]   Centaur CentaurHauls
[    0.000000] x86/fpu: x87 FPU will use FXSAVE
[    0.000000] e820: BIOS-provided physical RAM map:
[    0.000000] BIOS-e820: [mem 0x0000000000000000-0x000000000009fbff] usable
[    0.000000] BIOS-e820: [mem 0x000000000009fc00-0x000000000009ffff] reserved
[    0.000000] BIOS-e820: [mem 0x00000000000f0000-0x00000000000fffff] reserved
[    0.000000] BIOS-e820: [mem 0x0000000000100000-0x000000003ffeffff] usable
[    0.000000] BIOS-e820: [mem 0x000000003fff0000-0x000000003fffffff] ACPI data
[    0.000000] BIOS-e820: [mem 0x00000000fec00000-0x00000000fec00fff] reserved
[    0.000000] BIOS-e820: [mem 0x00000000fee00000-0x00000000fee00fff] reserved
[    0.000000] BIOS-e820: [mem 0x00000000fffc0000-0x00000000ffffffff] reserved
[    0.000000] NX (Execute Disable) protection: active
[    0.000000] SMBIOS 2.5 present.
[    0.000000] DMI: innotek GmbH VirtualBox/VirtualBox, BIOS VirtualBox 12/01/2006
[    0.000000] Hypervisor detected: KVM
[    0.000000] e820: last_pfn = 0x3fff0 max_arch_pfn = 0x400000000
[    0.000000] MTRR: Disabled
[    0.000000] x86/PAT: MTRRs disabled, skipping PAT initialization too.
[    0.000000] CPU MTRRs all blank - virtualized system.
[    0.000000] x86/PAT: Configuration [0-7]: WB  WT  UC- UC  WB  WT  UC- UC  
[    0.000000] found SMP MP-table at [mem 0x0009fff0-0x0009ffff]
[    0.000000] Scanning 1 areas for low memory corruption
[    0.000000] RAMDISK: [mem 0x3595d000-0x36ca5fff]
[    0.000000] ACPI: Early table checksum verification disabled
[    0.000000] ACPI: RSDP 0x00000000000E0000 000024 (v02 VBOX  )
[    0.000000] ACPI: XSDT 0x000000003FFF0030 00003C (v01 VBOX   VBOXXSDT 00000001 ASL  00000061)
[    0.000000] ACPI: FACP 0x000000003FFF00F0 0000F4 (v04 VBOX   VBOXFACP 00000001 ASL  00000061)
[    0.000000] ACPI: DSDT 0x000000003FFF0470 002325 (v02 VBOX   VBOXBIOS 00000002 INTL 20100528)
[    0.000000] ACPI: FACS 0x000000003FFF0200 000040
[    0.000000] ACPI: FACS 0x000000003FFF0200 000040
[    0.000000] ACPI: APIC 0x000000003FFF0240 00005C (v02 VBOX   VBOXAPIC 00000001 ASL  00000061)
[    0.000000] ACPI: SSDT 0x000000003FFF02A0 0001CC (v01 VBOX   VBOXCPUT 00000002 INTL 20100528)
[    0.000000] No NUMA configuration found
[    0.000000] Faking a node at [mem 0x0000000000000000-0x000000003ffeffff]
[    0.000000] NODE_DATA(0) allocated [mem 0x3ffc5000-0x3ffeffff]
[    0.000000] kvm-clock: cpu 0, msr 0:3ff44001, primary cpu clock
[    0.000000] kvm-clock: Using msrs 4b564d01 and 4b564d00
[    0.000000] kvm-clock: using sched offset of 7107922233 cycles
[    0.000000] clocksource: kvm-clock: mask: 0xffffffffffffffff max_cycles: 0x1cd42e4dffb, max_idle_ns: 881590591483 ns
[    0.000000] Zone ranges:
[    0.000000]   DMA      [mem 0x0000000000001000-0x0000000000ffffff]
[    0.000000]   DMA32    [mem 0x0000000001000000-0x000000003ffeffff]
[    0.000000]   Normal   empty
[    0.000000]   Device   empty
[    0.000000] Movable zone start for each node
[    0.000000] Early memory node ranges
[    0.000000]   node   0: [mem 0x0000000000001000-0x000000000009efff]
[    0.000000]   node   0: [mem 0x0000000000100000-0x000000003ffeffff]
[    0.000000] Reserved but unavailable: 98 pages
[    0.000000] Initmem setup node 0 [mem 0x0000000000001000-0x000000003ffeffff]
[    0.000000] ACPI: PM-Timer IO Port: 0x4008
[    0.000000] IOAPIC[0]: apic_id 2, version 32, address 0xfec00000, GSI 0-23
[    0.000000] ACPI: INT_SRC_OVR (bus 0 bus_irq 0 global_irq 2 dfl dfl)
[    0.000000] ACPI: INT_SRC_OVR (bus 0 bus_irq 9 global_irq 9 low level)
[    0.000000] Using ACPI (MADT) for SMP configuration information
[    0.000000] smpboot: Allowing 2 CPUs, 0 hotplug CPUs
[    0.000000] PM: Registered nosave memory: [mem 0x00000000-0x00000fff]
[    0.000000] PM: Registered nosave memory: [mem 0x0009f000-0x0009ffff]
[    0.000000] PM: Registered nosave memory: [mem 0x000a0000-0x000effff]
[    0.000000] PM: Registered nosave memory: [mem 0x000f0000-0x000fffff]
[    0.000000] e820: [mem 0x40000000-0xfebfffff] available for PCI devices
[    0.000000] Booting paravirtualized kernel on KVM
[    0.000000] clocksource: refined-jiffies: mask: 0xffffffff max_cycles: 0xffffffff, max_idle_ns: 7645519600211568 ns
[    0.000000] random: get_random_bytes called from start_kernel+0x99/0x500 with crng_init=0
[    0.000000] setup_percpu: NR_CPUS:8192 nr_cpumask_bits:2 nr_cpu_ids:2 nr_node_ids:1
[    0.000000] percpu: Embedded 45 pages/cpu s147456 r8192 d28672 u1048576
[    0.000000] PV qspinlock hash table entries: 256 (order: 0, 4096 bytes)
[    0.000000] Built 1 zonelists, mobility grouping on.  Total pages: 257913
[    0.000000] Policy zone: DMA32
[    0.000000] Kernel command line: BOOT_IMAGE=/boot/vmlinuz-4.15.0-135-generic root=UUID=a7cc7f74-b099-45a4-9eb5-9d006fce0a97 ro console=tty1 console=ttyS0
[    0.000000] Memory: 982496K/1048120K available (12300K kernel code, 2482K rwdata, 4276K rodata, 2440K init, 2724K bss, 65624K reserved, 0K cma-reserved)
[    0.000000] SLUB: HWalign=64, Order=0-3, MinObjects=0, CPUs=2, Nodes=1
[    0.000000] Kernel/User page tables isolation: enabled
[    0.000000] ftrace: allocating 39422 entries in 154 pages
[    0.004000] Hierarchical RCU implementation.
[    0.004000] 	RCU restricting CPUs from NR_CPUS=8192 to nr_cpu_ids=2.
[    0.004000] 	Tasks RCU enabled.
[    0.004000] RCU: Adjusting geometry for rcu_fanout_leaf=16, nr_cpu_ids=2
[    0.004000] NR_IRQS: 524544, nr_irqs: 440, preallocated irqs: 16
[    0.004000] Console: colour VGA+ 80x25
[    0.004000] console [tty1] enabled
[    0.004000] console [ttyS0] enabled
[    0.004000] ACPI: Core revision 20170831
[    0.004000] ACPI: 2 ACPI AML tables successfully acquired and loaded
[    0.004000] APIC: Switch to symmetric I/O mode setup
[    0.004000] ..TIMER: vector=0x30 apic1=0 pin1=2 apic2=-1 pin2=-1
[    0.004000] tsc: Detected 2903.996 MHz processor
[    0.004000] Calibrating delay loop (skipped) preset value.. 5807.99 BogoMIPS (lpj=11615984)
[    0.008003] pid_max: default: 32768 minimum: 301
[    0.011552] Security Framework initialized
[    0.012003] Yama: becoming mindful.
[    0.016020] AppArmor: AppArmor initialized
[    0.020143] Dentry cache hash table entries: 131072 (order: 8, 1048576 bytes)
[    0.024085] Inode-cache hash table entries: 65536 (order: 7, 524288 bytes)
[    0.028013] Mount-cache hash table entries: 2048 (order: 2, 16384 bytes)
[    0.032018] Mountpoint-cache hash table entries: 2048 (order: 2, 16384 bytes)
[    0.040013] Last level iTLB entries: 4KB 64, 2MB 8, 4MB 8
[    0.044002] Last level dTLB entries: 4KB 64, 2MB 0, 4MB 0, 1GB 4
[    0.048003] Spectre V1 : Mitigation: usercopy/swapgs barriers and __user pointer sanitization
[    0.052003] Spectre V2 : Mitigation: Full generic retpoline
[    0.056002] Spectre V2 : Spectre v2 / SpectreRSB mitigation: Filling RSB on context switch
[    0.060002] Speculative Store Bypass: Vulnerable
[    0.064057] MDS: Mitigation: Clear CPU buffers
[    0.068127] Freeing SMP alternatives memory: 36K
[    0.196141] APIC calibration not consistent with PM-Timer: 108ms instead of 100ms
[    0.200000] APIC delta adjusted to PM-Timer: 6415013 (6950001)
[    0.200460] smpboot: CPU0: Intel(R) Core(TM) i7-7500U CPU @ 2.70GHz (family: 0x6, model: 0x8e, stepping: 0x9)
[    0.204071] Performance Events: unsupported p6 CPU model 142 no PMU driver, software events only.
[    0.208033] Hierarchical SRCU implementation.
[    0.216397] NMI watchdog: Perf event create on CPU 0 failed with -2
[    0.220002] NMI watchdog: Perf NMI watchdog permanently disabled
[    0.224061] smp: Bringing up secondary CPUs ...
[    0.228081] x86: Booting SMP configuration:
[    0.232007] .... node  #0, CPUs:      #1
[    0.004000] kvm-clock: cpu 1, msr 0:3ff44041, secondary cpu clock
[    0.242339] TSC synchronization [CPU#0 -> CPU#1]:
[    0.244000] Measured 101882 cycles TSC warp between CPUs, turning off TSC clock.
[    0.244000] tsc: Marking TSC unstable due to check_tsc_sync_source failed
[    0.244319] smp: Brought up 1 node, 2 CPUs
[    0.248005] smpboot: Max logical packages: 1
[    0.252003] smpboot: Total of 2 processors activated (11615.98 BogoMIPS)
[    0.256241] devtmpfs: initialized
[    0.260047] x86/mm: Memory block size: 128MB
[    0.264138] evm: security.selinux
[    0.268006] evm: security.SMACK64
[    0.270908] evm: security.SMACK64EXEC
[    0.272002] evm: security.SMACK64TRANSMUTE
[    0.276002] evm: security.SMACK64MMAP
[    0.278776] evm: security.apparmor
[    0.280003] evm: security.ima
[    0.282253] evm: security.capability
[    0.284200] clocksource: jiffies: mask: 0xffffffff max_cycles: 0xffffffff, max_idle_ns: 7645041785100000 ns
[    0.288009] futex hash table entries: 512 (order: 3, 32768 bytes)
[    0.292306] pinctrl core: initialized pinctrl subsystem
[    0.300003] RTC time: 21:48:16, date: 02/01/21
[    0.304704] NET: Registered protocol family 16
[    0.308084] audit: initializing netlink subsys (disabled)
[    0.312308] audit: type=2000 audit(1612216104.250:1): state=initialized audit_enabled=0 res=1
[    0.324198] cpuidle: using governor ladder
[    0.328016] cpuidle: using governor menu
[    0.331199] ACPI: bus type PCI registered
[    0.332003] acpiphp: ACPI Hot Plug PCI Controller Driver version: 0.5
[    0.336524] PCI: Using configuration type 1 for base access
[    0.344615] HugeTLB registered 2.00 MiB page size, pre-allocated 0 pages
[    0.352469] ACPI: Added _OSI(Module Device)
[    0.356004] ACPI: Added _OSI(Processor Device)
[    0.360003] ACPI: Added _OSI(3.0 _SCP Extensions)
[    0.363441] ACPI: Added _OSI(Processor Aggregator Device)
[    0.364003] ACPI: Added _OSI(Linux-Dell-Video)
[    0.368003] ACPI: Added _OSI(Linux-Lenovo-NV-HDMI-Audio)
[    0.372003] ACPI: Added _OSI(Linux-HPI-Hybrid-Graphics)
[    0.376772] ACPI: Executed 1 blocks of module-level executable AML code
[    0.385701] ACPI: Interpreter enabled
[    0.388013] ACPI: (supports S0 S5)
[    0.390603] ACPI: Using IOAPIC for interrupt routing
[    0.392359] PCI: Using host bridge windows from ACPI; if necessary, use "pci=nocrs" and report a bug
[    0.396218] ACPI: Enabled 2 GPEs in block 00 to 07
[    0.410767] ACPI: PCI Root Bridge [PCI0] (domain 0000 [bus 00-ff])
[    0.412014] acpi PNP0A03:00: _OSC: OS supports [ASPM ClockPM Segments MSI]
[    0.416789] acpi PNP0A03:00: _OSC: not requesting OS control; OS requires [ExtendedConfig ASPM ClockPM MSI]
[    0.420015] acpi PNP0A03:00: fail to add MMCONFIG information, can't access extended PCI configuration space under this bridge.
[    0.424714] PCI host bridge to bus 0000:00
[    0.428004] pci_bus 0000:00: root bus resource [io  0x0000-0x0cf7 window]
[    0.432004] pci_bus 0000:00: root bus resource [io  0x0d00-0xffff window]
[    0.436003] pci_bus 0000:00: root bus resource [mem 0x000a0000-0x000bffff window]
[    0.440003] pci_bus 0000:00: root bus resource [mem 0x40000000-0xfdffffff window]
[    0.444004] pci_bus 0000:00: root bus resource [bus 00-ff]
[    0.454871] pci 0000:00:01.1: legacy IDE quirk: reg 0x10: [io  0x01f0-0x01f7]
[    0.456003] pci 0000:00:01.1: legacy IDE quirk: reg 0x14: [io  0x03f6]
[    0.460003] pci 0000:00:01.1: legacy IDE quirk: reg 0x18: [io  0x0170-0x0177]
[    0.464003] pci 0000:00:01.1: legacy IDE quirk: reg 0x1c: [io  0x0376]
[    0.560134] pci 0000:00:07.0: quirk: [io  0x4000-0x403f] claimed by PIIX4 ACPI
[    0.572030] pci 0000:00:07.0: quirk: [io  0x4100-0x410f] claimed by PIIX4 SMB
[    0.590159] ACPI: PCI Interrupt Link [LNKA] (IRQs 5 9 10 *11)
[    0.600477] ACPI: PCI Interrupt Link [LNKB] (IRQs 5 9 *10 11)
[    0.612170] ACPI: PCI Interrupt Link [LNKC] (IRQs 5 *9 10 11)
[    0.620168] ACPI: PCI Interrupt Link [LNKD] (IRQs 5 9 10 *11)
[    0.632315] SCSI subsystem initialized
[    0.636241] pci 0000:00:02.0: vgaarb: setting as boot VGA device
[    0.640000] pci 0000:00:02.0: vgaarb: VGA device added: decodes=io+mem,owns=io+mem,locks=none
[    0.660005] pci 0000:00:02.0: vgaarb: bridge control possible
[    0.672002] vgaarb: loaded
[    0.676055] ACPI: bus type USB registered
[    0.684037] usbcore: registered new interface driver usbfs
[    0.692011] usbcore: registered new interface driver hub
[    0.696125] usbcore: registered new device driver usb
[    0.708219] EDAC MC: Ver: 3.0.0
[    0.716198] PCI: Using ACPI for IRQ routing
[    0.724600] NetLabel: Initializing
[    0.728002] NetLabel:  domain hash size = 128
[    0.736002] NetLabel:  protocols = UNLABELED CIPSOv4 CALIPSO
[    0.744021] NetLabel:  unlabeled traffic allowed by default
[    0.756240] clocksource: Switched to clocksource kvm-clock
[    0.797939] VFS: Disk quotas dquot_6.6.0
[    0.801401] VFS: Dquot-cache hash table entries: 512 (order 0, 4096 bytes)
[    0.807404] AppArmor: AppArmor Filesystem Enabled
[    0.812442] pnp: PnP ACPI init
[    0.816591] pnp: PnP ACPI: found 3 devices
[    0.827977] clocksource: acpi_pm: mask: 0xffffff max_cycles: 0xffffff, max_idle_ns: 2085701024 ns
[    0.836764] NET: Registered protocol family 2
[    0.841110] TCP established hash table entries: 8192 (order: 4, 65536 bytes)
[    0.847238] TCP bind hash table entries: 8192 (order: 5, 131072 bytes)
[    0.854094] TCP: Hash tables configured (established 8192 bind 8192)
[    0.860699] UDP hash table entries: 512 (order: 2, 16384 bytes)
[    0.866110] UDP-Lite hash table entries: 512 (order: 2, 16384 bytes)
[    0.872149] NET: Registered protocol family 1
[    0.875890] pci 0000:00:00.0: Limiting direct PCI/PCI transfers
[    0.881507] pci 0000:00:01.0: Activating ISA DMA hang workarounds
[    0.886532] pci 0000:00:02.0: Video device with shadowed ROM at [mem 0x000c0000-0x000dffff]
[    0.894334] Unpacking initramfs...
[    1.510826] Freeing initrd memory: 19748K
[    1.515389] clocksource: tsc: mask: 0xffffffffffffffff max_cycles: 0x29dc020bb13, max_idle_ns: 440795273180 ns
[    1.524648] platform rtc_cmos: registered platform RTC device (no PNP device found)
[    1.531274] Scanning for low memory corruption every 60 seconds
[    1.539173] Initialise system trusted keyrings
[    1.544021] Key type blacklist registered
[    1.548907] workingset: timestamp_bits=36 max_order=18 bucket_order=0
[    1.559419] zbud: loaded
[    1.563792] squashfs: version 4.0 (2009/01/31) Phillip Lougher
[    1.570201] fuse init (API version 7.26)
[    1.595058] Key type asymmetric registered
[    1.598775] Asymmetric key parser 'x509' registered
[    1.602930] Block layer SCSI generic (bsg) driver version 0.4 loaded (major 246)
[    1.609886] io scheduler noop registered
[    1.613216] io scheduler deadline registered
[    1.617340] io scheduler cfq registered (default)
[    1.622798] ACPI: AC Adapter [AC] (on-line)
[    1.627236] input: Power Button as /devices/LNXSYSTM:00/LNXPWRBN:00/input/input0
[    1.634990] ACPI: Power Button [PWRF]
[    1.638797] input: Sleep Button as /devices/LNXSYSTM:00/LNXSLPBN:00/input/input1
[    1.646016] ACPI: Sleep Button [SLPF]
[    1.650588] Serial: 8250/16550 driver, 32 ports, IRQ sharing enabled
[    1.652526] ACPI: Battery Slot [BAT0] (battery present)
[    1.689037] 00:02: ttyS0 at I/O 0x3f8 (irq = 4, base_baud = 115200) is a 16550A
[    1.698331] Linux agpgart interface v0.103
[    1.713050] loop: module loaded
[    1.719096] scsi host0: ata_piix
[    1.723096] scsi host1: ata_piix
[    1.726241] ata1: PATA max UDMA/33 cmd 0x1f0 ctl 0x3f6 bmdma 0xd000 irq 14
[    1.731682] ata2: PATA max UDMA/33 cmd 0x170 ctl 0x376 bmdma 0xd008 irq 15
[    1.738332] libphy: Fixed MDIO Bus: probed
[    1.742907] tun: Universal TUN/TAP device driver, 1.6
[    1.748012] PPP generic driver version 2.4.2
[    1.752636] ehci_hcd: USB 2.0 'Enhanced' Host Controller (EHCI) Driver
[    1.757706] ehci-pci: EHCI PCI platform driver
[    1.761456] ehci-platform: EHCI generic platform driver
[    1.765601] ohci_hcd: USB 1.1 'Open' Host Controller (OHCI) Driver
[    1.770412] ohci-pci: OHCI PCI platform driver
[    1.774062] ohci-platform: OHCI generic platform driver
[    1.778243] uhci_hcd: USB Universal Host Controller Interface driver
[    1.783462] i8042: PNP: PS/2 Controller [PNP0303:PS2K,PNP0f03:PS2M] at 0x60,0x64 irq 1,12
[    1.794698] serio: i8042 KBD port at 0x60,0x64 irq 1
[    1.799779] serio: i8042 AUX port at 0x60,0x64 irq 12
[    1.805288] mousedev: PS/2 mouse device common for all mice
[    1.811679] input: AT Translated Set 2 keyboard as /devices/platform/i8042/serio0/input/input2
[    1.822236] rtc_cmos rtc_cmos: rtc core: registered rtc_cmos as rtc0
[    1.828605] rtc_cmos rtc_cmos: alarms up to one day, 114 bytes nvram
[    1.833851] i2c /dev entries driver
[    1.836954] device-mapper: uevent: version 1.0.3
[    1.841378] device-mapper: ioctl: 4.37.0-ioctl (2017-09-20) initialised: dm-devel@redhat.com
[    1.847859] ledtrig-cpu: registered to indicate activity on CPUs
[    1.857533] NET: Registered protocol family 10
[    1.872491] Segment Routing with IPv6
[    1.875325] NET: Registered protocol family 17
[    1.879613] Key type dns_resolver registered
[    1.884277] mce: Using 0 MCE banks
[    1.886863] RAS: Correctable Errors collector initialized.
[    1.891061] sched_clock: Marking stable (1890903157, 0)->(2724614761, -833711604)
[    1.902530] registered taskstats version 1
[    1.908467] Loading compiled-in X.509 certificates
[    1.966631] Loaded X.509 cert 'Build time autogenerated kernel key: 399a566a2ea98257ce6f7132c633527e9761cd56'
[    1.974958] zswap: loaded using pool lzo/zbud
[    1.989610] Key type big_key registered
[    1.993456] Key type trusted registered
[    2.001438] Key type encrypted registered
[    2.005140] AppArmor: AppArmor sha1 policy hashing enabled
[    2.009822] ima: No TPM chip found, activating TPM-bypass! (rc=-19)
[    2.015444] ima: Allocated hash algorithm: sha1
[    2.020206] evm: HMAC attrs: 0x1
[    2.023314]   Magic number: 9:66:853
[    2.027697] rtc_cmos rtc_cmos: setting system clock to 2021-02-01 21:48:17 UTC (1612216097)
[    2.036478] BIOS EDD facility v0.16 2004-Jun-25, 0 devices found
[    2.041475] EDD information not available.
[    2.048099] Freeing unused kernel image memory: 2440K
[    2.065101] Write protecting the kernel read-only data: 20480k
[    2.071796] Freeing unused kernel image memory: 2008K
[    2.077824] Freeing unused kernel image memory: 1868K
[    2.089686] x86/mm: Checked W+X mappings: passed, no W+X pages found.
[    2.096816] x86/mm: Checking user space page tables
[    2.107603] x86/mm: Checked W+X mappings: passed, no W+X pages found.
Loading, please wait...
starting version 237
[    2.211181] e1000: Intel(R) PRO/1000 Network Driver - version 7.3.21-k8-NAPI
[    2.220768] e1000: Copyright (c) 1999-2006 Intel Corporation.
[    2.235069] Fusion MPT base driver 3.04.20
[    2.240654] Copyright (c) 1999-2008 LSI Corporation
[    2.295202] Fusion MPT SPI Host driver 3.04.20
[    2.534969] input: ImExPS/2 Generic Explorer Mouse as /devices/platform/i8042/serio1/input/input4
[    2.984718] e1000 0000:00:03.0 eth0: (PCI:33MHz:32-bit) 02:c6:b0:25:69:cb
[    2.990297] e1000 0000:00:03.0 eth0: Intel(R) PRO/1000 Network Connection
[    2.999742] mptbase: ioc0: Initiating bringup
[    3.000838] e1000 0000:00:03.0 enp0s3: renamed from eth0
[    3.123988] ioc0: LSI53C1030 A0: Capabilities={Initiator}
[    3.407376] scsi host2: ioc0: LSI53C1030 A0, FwRev=00000000h, Ports=1, MaxQ=256, IRQ=20
[    3.590362] scsi 2:0:0:0: Direct-Access     VBOX     HARDDISK         1.0  PQ: 0 ANSI: 5
[    4.047143] scsi target2:0:0: Beginning Domain Validation
[    4.078311] scsi target2:0:0: Domain Validation skipping write tests
[    4.087070] scsi target2:0:0: Ending Domain Validation
[    4.093766] scsi target2:0:0: asynchronous
[    4.102097] scsi 2:0:1:0: Direct-Access     VBOX     HARDDISK         1.0  PQ: 0 ANSI: 5
[    4.474212] scsi target2:0:1: Beginning Domain Validation
[    4.490273] random: fast init done
[    4.517037] scsi target2:0:1: Domain Validation skipping write tests
[    4.524897] scsi target2:0:1: Ending Domain Validation
[    4.529517] scsi target2:0:1: asynchronous
[    4.545660] random: systemd-udevd: uninitialized urandom read (16 bytes read)
[    4.555476] random: systemd-udevd: uninitialized urandom read (16 bytes read)
[    4.555454] sd 2:0:0:0: [sda] 20971520 512-byte logical blocks: (10.7 GB/10.0 GiB)
[    4.563285] sd 2:0:0:0: Attached scsi generic sg0 type 0
[    4.573511] random: systemd-udevd: uninitialized urandom read (16 bytes read)
[    4.589815] sd 2:0:1:0: Attached scsi generic sg1 type 0
[    4.592252] sd 2:0:1:0: [sdb] 20480 512-byte logical blocks: (10.5 MB/10.0 MiB)
[    4.605663] sd 2:0:0:0: [sda] Write Protect is off
[    4.605879] sd 2:0:1:0: [sdb] Write Protect is off
[    4.617255] sd 2:0:1:0: [sdb] Incomplete mode parameter data
[    4.617376] sd 2:0:0:0: [sda] Incomplete mode parameter data
[    4.622035] sd 2:0:1:0: [sdb] Assuming drive cache: write through
[    4.628190] sd 2:0:0:0: [sda] Assuming drive cache: write through
[    4.705499]  sda: sda1
[    4.714721] sd 2:0:1:0: [sdb] Attached SCSI disk
[    4.735463] sd 2:0:0:0: [sda] Attached SCSI disk
Begin: Loading essential drivers ... [ 1681.259629] INFO: rcu_sched self-detected stall on CPU
[ 1681.261332] INFO: rcu_sched detected stalls on CPUs/tasks:
[ 1681.268760] 	1-...!: (1 ticks this GP) idle=7a2/140000000000001/0 softirq=1012/1012 fqs=1 
[ 1681.289157] 	 (t=418566 jiffies g=-70 c=-71 q=196)
[ 1681.289178] 	1-...!: (1 ticks this GP) idle=7a2/140000000000001/0 softirq=1012/1012 fqs=1 
[ 1681.296626] rcu_sched kthread starved for 418563 jiffies! g18446744073709551546 c18446744073709551545 f0x0 RCU_GP_WAIT_FQS(3) ->state=0x402 ->cpu=0
[ 1681.305036] 	(detected by 0, t=418566 jiffies, g=-70, c=-71, q=196)
[ 1681.317926] rcu_sched       I    0     8      2 0x80000000
[ 1681.328797] Sending NMI from CPU 0 to CPUs 1:
[ 1681.336598] Call Trace:
[ 1681.342886] NMI backtrace for cpu 1
[ 1681.342887] CPU: 1 PID: 262 Comm: modprobe Not tainted 4.15.0-135-generic #139-Ubuntu
[ 1681.342887] Hardware name: innotek GmbH VirtualBox/VirtualBox, BIOS VirtualBox 12/01/2006
[ 1681.342888] RIP: 0010:io_serial_in+0x18/0x20
[ 1681.342888] RSP: 0018:ffff96057fd03ad0 EFLAGS: 00010002
[ 1681.342889] RAX: ffffffff9d81b100 RBX: ffffffff9ed0de60 RCX: 0000000000000000
[ 1681.342889] RDX: 00000000000003fd RSI: 0000000000000005 RDI: ffffffff9ed0de60
[ 1681.342890] RBP: ffff96057fd03ad0 R08: 0000000000000000 R09: 0000000000000007
[ 1681.342890] R10: 0000000000000000 R11: ffffffff9eb6180d R12: 0000000000002710
[ 1681.342890] R13: 0000000000000020 R14: ffffffff9eb61802 R15: ffffffff9ed0de60
[ 1681.342891] FS:  00007fcec1336540(0000) GS:ffff96057fd00000(0000) knlGS:0000000000000000
[ 1681.342891] CS:  0010 DS: 0000 ES: 0000 CR0: 0000000080050033
[ 1681.342892] CR2: 00005587f1da8ea8 CR3: 0000000036b7a004 CR4: 00000000000206e0
[ 1681.342892] Call Trace:
[ 1681.342892]  <IRQ>
[ 1681.342892]  wait_for_xmitr+0x47/0xb0
[ 1681.342893]  serial8250_console_putchar+0x1c/0x40
[ 1681.342893]  ? wait_for_xmitr+0xb0/0xb0
[ 1681.342893]  uart_console_write+0x4c/0x60
[ 1681.342894]  serial8250_console_write+0x10a/0x2b0
[ 1681.342894]  ? msg_print_text+0x80/0x100
[ 1681.342894]  univ8250_console_write+0x21/0x30
[ 1681.342895]  console_unlock+0x3cf/0x560
[ 1681.342895]  vprintk_emit+0x134/0x2c0
[ 1681.342895]  vprintk_default+0x29/0x50
[ 1681.342896]  vprintk_func+0x47/0xc0
[ 1681.342896]  printk+0x52/0x6e
[ 1681.342896]  show_trace_log_lvl+0x8c/0x3d0
[ 1681.342897]  ? vprintk_default+0x29/0x50
[ 1681.342897]  ? vprintk_func+0x47/0xc0
[ 1681.342897]  show_stack+0x34/0x50
[ 1681.342897]  sched_show_task+0xfe/0x130
[ 1681.342898]  rcu_check_gp_kthread_starvation+0xad/0xc0
[ 1681.342898]  rcu_check_callbacks+0x6c5/0x8e0
[ 1681.342898]  ? tick_sched_do_timer+0x50/0x50
[ 1681.342899]  update_process_times+0x2f/0x60
[ 1681.342899]  tick_sched_handle+0x26/0x70
[ 1681.342900]  ? tick_sched_do_timer+0x42/0x50
[ 1681.342900]  tick_sched_timer+0x39/0x80
[ 1681.342900]  __hrtimer_run_queues+0xdf/0x230
[ 1681.342901]  hrtimer_interrupt+0xa0/0x1d0
[ 1681.342901]  smp_apic_timer_interrupt+0x6f/0x140
[ 1681.342901]  apic_timer_interrupt+0x90/0xa0
[ 1681.342902]  </IRQ>
[ 1681.342902] RIP: 0010:raid6_sse21_gen_syndrome+0x8c/0x130 [raid6_pq]
[ 1681.342902] RSP: 0018:ffffbd6dc0363b60 EFLAGS: 00010282 ORIG_RAX: ffffffffffffff11
[ 1681.342903] RAX: ffffffffc00db600 RBX: 0000000000001000 RCX: ffffffffc00cd600
[ 1681.342904] RDX: 0000000000000280 RSI: ffffbd6dc0363c28 RDI: 000000000000000d
[ 1681.342905] RBP: ffffbd6dc0363b90 R08: ffffbd6dc0363ba8 R09: 0000000000000280
[ 1681.342905] R10: ffffbd6dc0363c20 R11: ffffbd6dc0363c18 R12: ffff9605768d6000
[ 1681.342905] R13: ffff9605768d7000 R14: ffffbd6dc0363bb0 R15: 0000000000000080
[ 1681.342906]  init_module+0x118/0x1000 [raid6_pq]
[ 1681.342906]  ? 0xffffffffc00e3000
[ 1681.342906]  do_one_initcall+0x52/0x19f
[ 1681.342907]  ? _cond_resched+0x19/0x40
[ 1681.342907]  ? kmem_cache_alloc_trace+0x9f/0x1d0
[ 1681.342908]  ? do_init_module+0x27/0x213
[ 1681.342908]  do_init_module+0x5f/0x213
[ 1681.342908]  load_module+0x16bd/0x1f20
[ 1681.342909]  ? ima_post_read_file+0x96/0xa0
[ 1681.342909]  SYSC_finit_module+0xfc/0x120
[ 1681.342909]  ? SYSC_finit_module+0xfc/0x120
[ 1681.342910]  SyS_finit_module+0xe/0x10
[ 1681.342910]  do_syscall_64+0x73/0x130
[ 1681.342910]  entry_SYSCALL_64_after_hwframe+0x41/0xa6
[ 1681.342911] RIP: 0033:0x7fcec0e3b959
[ 1681.342911] RSP: 002b:00007ffc478e5f08 EFLAGS: 00000246 ORIG_RAX: 0000000000000139
[ 1681.342912] RAX: ffffffffffffffda RBX: 000055e56272f860 RCX: 00007fcec0e3b959
[ 1681.342912] RDX: 0000000000000000 RSI: 000055e5610c4cee RDI: 0000000000000004
[ 1681.342913] RBP: 000055e5610c4cee R08: 0000000000000000 R09: 000055e56272ede0
[ 1681.342913] R10: 0000000000000004 R11: 0000000000000246 R12: 0000000000000000
[ 1681.342914] R13: 000055e56272f810 R14: 0000000000060000 R15: 000055e56272ede0
[ 1681.342914] Code: 48 89 e5 d3 e6 48 63 f6 48 03 77 10 8b 06 5d c3 0f 1f 00 0f 1f 44 00 00 0f b6 8f a1 00 00 00 8b 57 08 55 48 89 e5 d3 e6 01 f2 ec <0f> b6 c0 5d c3 0f 1f 00 0f 1f 44 00 00 0f b6 8f a1 00 00 00 89 
[ 1681.342930] rcu_sched kthread starved for 418563 jiffies! g18446744073709551546 c18446744073709551545 f0x0 RCU_GP_WAIT_FQS(3) ->state=0x402 ->cpu=0
[ 1681.351034]  __schedule+0x24e/0x880
[ 1681.356433] rcu_sched       I    0     8      2 0x80000000
[ 1681.370581]  schedule+0x2c/0x80
[ 1681.381073] Call Trace:
[ 1681.394055]  schedule_timeout+0x15d/0x370
[ 1681.394058]  ? __next_timer_interrupt+0xe0/0xe0
[ 1681.394061]  rcu_gp_kthread+0x53a/0x980
[ 1681.394063]  kthread+0x121/0x140
[ 1681.394064]  ? rcu_note_context_switch+0x150/0x150
[ 1681.394066]  ? kthread_create_worker_on_cpu+0x70/0x70
[ 1681.394067]  ret_from_fork+0x35/0x40
[ 1681.394148] NMI backtrace for cpu 1
[ 1681.402918]  __schedule+0x24e/0x880
[ 1681.413732] CPU: 1 PID: 262 Comm: modprobe Not tainted 4.15.0-135-generic #139-Ubuntu
[ 1681.413733] Hardware name: innotek GmbH VirtualBox/VirtualBox, BIOS VirtualBox 12/01/2006
[ 1681.413734] Call Trace:
[ 1681.413736]  <IRQ>
[ 1681.413742]  dump_stack+0x6d/0x8e
[ 1681.413744]  nmi_cpu_backtrace+0x94/0xa0
[ 1681.413748]  ? lapic_can_unplug_cpu+0xb0/0xb0
[ 1681.427149]  schedule+0x2c/0x80
[ 1681.438171]  nmi_trigger_cpumask_backtrace+0xe7/0x130
[ 1681.438181]  arch_trigger_cpumask_backtrace+0x19/0x20
[ 1681.449087]  schedule_timeout+0x15d/0x370
[ 1681.461567]  rcu_dump_cpu_stacks+0xa3/0xdb
[ 1681.473574]  ? __next_timer_interrupt+0xe0/0xe0
[ 1681.473578]  rcu_gp_kthread+0x53a/0x980
[ 1681.482756]  rcu_check_callbacks+0x6cd/0x8e0
[ 1681.493526]  kthread+0x121/0x140
[ 1681.498732]  ? tick_sched_do_timer+0x50/0x50
[ 1681.501462]  ? rcu_note_context_switch+0x150/0x150
[ 1681.507845]  update_process_times+0x2f/0x60
[ 1681.507849]  tick_sched_handle+0x26/0x70
[ 1681.507851]  ? tick_sched_do_timer+0x42/0x50
[ 1681.507852]  tick_sched_timer+0x39/0x80
[ 1681.507854]  __hrtimer_run_queues+0xdf/0x230
[ 1681.507856]  hrtimer_interrupt+0xa0/0x1d0
[ 1681.507858]  smp_apic_timer_interrupt+0x6f/0x140
[ 1681.507860]  apic_timer_interrupt+0x90/0xa0
[ 1681.507862]  </IRQ>
[ 1681.507867] RIP: 0010:raid6_sse21_gen_syndrome+0x8c/0x130 [raid6_pq]
[ 1681.507870] RSP: 0018:ffffbd6dc0363b60 EFLAGS: 00010282 ORIG_RAX: ffffffffffffff11
[ 1681.515238]  ? kthread_create_worker_on_cpu+0x70/0x70
[ 1681.519514] RAX: ffffffffc00db600 RBX: 0000000000001000 RCX: ffffffffc00cd600
[ 1681.525913]  ret_from_fork+0x35/0x40
[ 1681.531271] RDX: 0000000000000280 RSI: ffffbd6dc0363c28 RDI: 000000000000000d
[ 1682.239510] RBP: ffffbd6dc0363b90 R08: ffffbd6dc0363ba8 R09: 0000000000000280
[ 1682.249958] R10: ffffbd6dc0363c20 R11: ffffbd6dc0363c18 R12: ffff9605768d6000
[ 1682.258774] R13: ffff9605768d7000 R14: ffffbd6dc0363bb0 R15: 0000000000000080
[ 1682.269217]  init_module+0x118/0x1000 [raid6_pq]
[ 1682.275638]  ? 0xffffffffc00e3000
[ 1682.279866]  do_one_initcall+0x52/0x19f
[ 1682.284868]  ? _cond_resched+0x19/0x40
[ 1682.290590]  ? kmem_cache_alloc_trace+0x9f/0x1d0
[ 1682.296823]  ? do_init_module+0x27/0x213
[ 1682.301619]  do_init_module+0x5f/0x213
[ 1682.306780]  load_module+0x16bd/0x1f20
[ 1682.314023]  ? ima_post_read_file+0x96/0xa0
[ 1682.321302]  SYSC_finit_module+0xfc/0x120
[ 1682.326528]  ? SYSC_finit_module+0xfc/0x120
[ 1682.334823]  SyS_finit_module+0xe/0x10
[ 1682.340249]  do_syscall_64+0x73/0x130
[ 1682.346566]  entry_SYSCALL_64_after_hwframe+0x41/0xa6
[ 1682.353655] RIP: 0033:0x7fcec0e3b959
[ 1682.360615] RSP: 002b:00007ffc478e5f08 EFLAGS: 00000246 ORIG_RAX: 0000000000000139
[ 1682.372838] RAX: ffffffffffffffda RBX: 000055e56272f860 RCX: 00007fcec0e3b959
[ 1682.386483] RDX: 0000000000000000 RSI: 000055e5610c4cee RDI: 0000000000000004
[ 1682.399413] RBP: 000055e5610c4cee R08: 0000000000000000 R09: 000055e56272ede0
[ 1682.409841] R10: 0000000000000004 R11: 0000000000000246 R12: 0000000000000000
[ 1682.420707] R13: 000055e56272f810 R14: 0000000000060000 R15: 000055e56272ede0
[ 1682.432379] raid6: sse2x1   gen() 395285474 MB/s
[ 1682.490045] raid6: sse2x1   xor()  4042 MB/s
[ 1682.554275] raid6: sse2x2   gen()  7508 MB/s
[ 1682.609535] raid6: sse2x2   xor()  5134 MB/s
[ 1682.661651] raid6: sse2x4   gen()  6590 MB/s
[ 1682.716721] raid6: sse2x4   xor()  6076 MB/s
[ 1682.720393] raid6: using algorithm sse2x1 gen() 395285474 MB/s
[ 1682.725250] raid6: .... xor() 4042 MB/s, rmw enabled
[ 1682.731861] raid6: using ssse3x2 recovery algorithm
[ 1682.743667] xor: measuring software checksum speed
[ 1682.788488]    prefetch64-sse: 13753.000 MB/sec
[ 1682.832439]    generic_sse: 13938.000 MB/sec
[ 1682.837557] xor: using function: generic_sse (13938.000 MB/sec)
[ 1682.845939] async_tx: api initialized (async)
done.
Begin: Running /scripts/init-premount ... done.
Begin: Mounting root file system ... Begin: Running /scripts/local-top ... done.
Begin: Running /scripts/local-premount ... [ 1682.954655] Btrfs loaded, crc32c=crc32c-intel
Scanning for Btrfs filesystems
done.
Warning: fsck not present, so skipping root file system
[ 1683.226669] EXT4-fs (sda1): mounted filesystem with ordered data mode. Opts: (null)
done.
Begin: Running /scripts/local-bottom ... done.
Begin: Running /scripts/init-bottom ... done.
[ 1684.733325] ip_tables: (C) 2000-2006 Netfilter Core Team
[ 1684.813937] systemd[1]: systemd 237 running in system mode. (+PAM +AUDIT +SELINUX +IMA +APPARMOR +SMACK +SYSVINIT +UTMP +LIBCRYPTSETUP +GCRYPT +GNUTLS +ACL +XZ +LZ4 +SECCOMP +BLKID +ELFUTILS +KMOD -IDN2 +IDN -PCRE2 default-hierarchy=hybrid)
[ 1684.836740] systemd[1]: Detected virtualization oracle.
[ 1684.841656] systemd[1]: Detected architecture x86-64.

Welcome to [1mUbuntu 18.04.5 LTS[0m!

[ 1684.903605] random: crng init done
[ 1684.907362] random: 7 urandom warning(s) missed due to ratelimiting
[ 1684.932795] systemd[1]: Set hostname to <workspace2>.
[ 1687.942054] systemd[1]: Reached target Swap.
[[0;32m  OK  [0m] Reached target Swap.
[ 1687.958870] systemd[1]: Created slice System Slice.
[[0;32m  OK  [0m] Created slice System Slice.
[ 1687.965170] systemd[1]: Listening on Journal Socket (/dev/log).
[[0;32m  OK  [0m] Listening on Journal Socket (/dev/log).
[ 1687.972305] systemd[1]: Listening on Network Service Netlink Socket.
[[0;32m  OK  [0m] Listening on Network Service Netlink Socket.
[ 1687.979411] systemd[1]: Listening on udev Kernel Socket.
[[0;32m  OK  [0m] Listening on udev Kernel Socket.
[ 1687.986328] systemd[1]: Set up automount Arbitrary Executable File Formats File System Automount Point.
[[0;32m  OK  [0m] Set up automount Arbitrary Executabâ€¦rmats File System Automount Point.
[[0;32m  OK  [0m] Listening on Journal Audit Socket.
[[0;32m  OK  [0m] Started Forward Password Requests to Wall Directory Watch.
[[0;32m  OK  [0m] Reached target User and Group Name Lookups.
[[0;32m  OK  [0m] Listening on LVM2 poll daemon socket.
[[0;32m  OK  [0m] Listening on LVM2 metadata daemon socket.
[[0;32m  OK  [0m] Created slice User and Session Slice.
[[0;32m  OK  [0m] Listening on Device-mapper event daemon FIFOs.
[[0;32m  OK  [0m] Reached target Slices.
[[0;32m  OK  [0m] Listening on Journal Socket.
         Starting Monitoring of LVM2 mirrorsâ€¦ng dmeventd or progress polling...
         Starting Create list of required stâ€¦ce nodes for the current kernel...
         Starting Uncomplicated firewall...
         Starting Remount Root and Kernel File Systems...
         Mounting Kernel Debug File System...
         Mounting Huge Pages File System...
         Starting Load Kernel Modules...
[[0;32m  OK  [0m] Listening on Syslog Socket.
         Starting Journal Service...
[[0;32m  OK  [0m] Created slice system-serial\x2dgetty.slice.
[[0;32m  OK  [0m] Listening on /dev/initctl Compatibility Named Pipe.
         Starting Set the console keyboard layout...
[ 1688.525393] EXT4-fs (sda1): re-mounted. Opts: (null)
         Mounting POSIX Message Queue File System...
[[0;32m  OK  [0m] Reached target System Time Synchronized.
[[0;32m  OK  [0m] Listening on udev Control Socket.
         Starting udev Coldplug all Devices...
[[0;32m  OK  [0m] Started Create list of required staâ€¦vice nodes for the current kernel.
[[0;32m  OK  [0m] Started Uncomplicated firewall.
[[0;32m  OK  [0m] Started Remount Root and Kernel File Systems.
[[0;32m  OK  [0m] Mounted Kernel Debug File System.
[[0;32m  OK  [0m] Mounted Huge Pages File System.
[[0;32m  OK  [0m] Mounted POSIX Message Queue File System.
[ 1688.742317] Loading iSCSI transport class v2.0-870.
         Starting Load/Save Random Seed...
         Starting Create Static Device Nodes in /dev...
[[0;32m  OK  [0m] Started Journal Service.
[[0;32m  OK  [0m] Started udev Coldplug all Devices.
         Starting Flush Journal to Persistent Storage...
[[0;32m  OK  [0m] Started Load/Save Random Seed.
[ 1688.966342] systemd-journald[396]: Received request to flush runtime journal from PID 1
[[0;32m  OK  [0m] Started LVM2 metadata daemon.
[ 1689.103391] iscsi: registered transport (tcp)
[[0;32m  OK  [0m] Started Set the console keyboard layout.
[[0;32m  OK  [0m] Started Monitoring of LVM2 mirrors,â€¦sing dmeventd or progress polling.
[ 1689.642490] iscsi: registered transport (iser)
[[0;32m  OK  [0m] Started Load Kernel Modules.
         Starting Apply Kernel Variables...
         Mounting FUSE Control File System...
         Mounting Kernel Configuration File System...
[[0;32m  OK  [0m] Started Create Static Device Nodes in /dev.
[[0;32m  OK  [0m] Mounted FUSE Control File System.
[[0;32m  OK  [0m] Mounted Kernel Configuration File System.
         Starting udev Kernel Device Manager...
[[0;32m  OK  [0m] Reached target Local File Systems (Pre).
[[0;32m  OK  [0m] Reached target Local File Systems.
         Starting ebtables ruleset management...
         Starting Set console font and keymap...
         Starting AppArmor initialization...
         Starting Tell Plymouth To Write Out Runtime Data...
         Mounting /vagrant...
[[0;32m  OK  [0m] Started Set console font and keymap.
[[0;32m  OK  [0m] Started Tell Plymouth To Write Out Runtime Data.
[[0;32m  OK  [0m] Started Apply Kernel Variables.
[[0;32m  OK  [0m] Mounted /vagrant.
[[0;32m  OK  [0m] Started udev Kernel Device Manager.
[[0;32m  OK  [0m] Started Dispatch Password Requests to Console Directory Watch.
[[0;32m  OK  [0m] Reached target Local Encrypted Volumes.
[[0;32m  OK  [0m] Found device /dev/ttyS0.
[[0;32m  OK  [0m] Listening on Load/Save RF Kill Switch Status /dev/rfkill Watch.
[[0;32m  OK  [0m] Started ebtables ruleset management.
[[0;32m  OK  [0m] Started Flush Journal to Persistent Storage.
         Starting Create Volatile Files and Directories...
[[0;32m  OK  [0m] Started Create Volatile Files and Directories.
         Starting Update UTMP about System Boot/Shutdown...
[[0;32m  OK  [0m] Started Update UTMP about System Boot/Shutdown.
[[0;32m  OK  [0m] Started AppArmor initialization.
         Starting Initial cloud-init job (pre-networking)...
         Starting Load AppArmor profiles managed internally by snapd...
[[0;32m  OK  [0m] Started Load AppArmor profiles managed internally by snapd.
[ 1712.884390] cloud-init[549]: Cloud-init v. 20.3-2-g371b392c-0ubuntu1~18.04.1 running 'init-local' at Mon, 01 Feb 2021 22:16:47 +0000. Up 1711.75 seconds.
[[0;32m  OK  [0m] Started Initial cloud-init job (pre-networking).
[[0;32m  OK  [0m] Reached target Network (Pre).
         Starting Network Service...
[[0;32m  OK  [0m] Started Network Service.
         Starting Wait for Network to be Configured...
         Starting Network Name Resolution...
[[0;32m  OK  [0m] Started Network Name Resolution.
[[0;32m  OK  [0m] Reached target Network.
[[0;32m  OK  [0m] Reached target Host and Network Name Lookups.
[[0;32m  OK  [0m] Started Wait for Network to be Configured.
         Starting Initial cloud-init job (metadata service crawler)...
[ 1716.222940] cloud-init[681]: Cloud-init v. 20.3-2-g371b392c-0ubuntu1~18.04.1 running 'init' at Mon, 01 Feb 2021 22:16:51 +0000. Up 1715.59 seconds.
[ 1716.227810] cloud-init[681]: ci-info: ++++++++++++++++++++++++++++++++++++++Net device info++++++++++++++++++++++++++++++++++++++
[ 1716.232993] cloud-init[681]: ci-info: +--------+------+----------------------------+---------------+--------+-------------------+
[ 1716.237297] cloud-init[681]: ci-info: | Device |  Up  |          Address           |      Mask     | Scope  |     Hw-Address    |
[ 1716.241186] cloud-init[681]: ci-info: +--------+------+----------------------------+---------------+--------+-------------------+
[ 1716.245086] cloud-init[681]: ci-info: | enp0s3 | True |         10.0.2.15          | 255.255.255.0 | global | 02:c6:b0:25:69:cb |
[ 1716.248971] cloud-init[681]: ci-info: | enp0s3 | True | fe80::c6:b0ff:fe25:69cb/64 |       .       |  link  | 02:c6:b0:25:69:cb |
[ 1716.253185] cloud-init[681]: ci-info: |   lo   | True |         127.0.0.1          |   255.0.0.0   |  host  |         .         |
[ 1716.257489] cloud-init[681]: ci-info: |   lo   | True |          ::1/128           |       .       |  host  |         .         |
[ 1716.261851] cloud-init[681]: ci-info: +--------+------+----------------------------+---------------+--------+-------------------+
[ 1716.266542] cloud-init[681]: ci-info: ++++++++++++++++++++++++++++Route IPv4 info+++++++++++++++++++++++++++++
[ 1716.269964] cloud-init[681]: ci-info: +-------+-------------+----------+-----------------+-----------+-------+
[ 1716.274314] cloud-init[681]: ci-info: | Route | Destination | Gateway  |     Genmask     | Interface | Flags |
[ 1716.278259] cloud-init[681]: ci-info: +-------+-------------+----------+-----------------+-----------+-------+
[ 1716.282239] cloud-init[681]: ci-info: |   0   |   0.0.0.0   | 10.0.2.2 |     0.0.0.0     |   enp0s3  |   UG  |
[ 1716.285630] cloud-init[681]: ci-info: |   1   |   10.0.2.0  | 0.0.0.0  |  255.255.255.0  |   enp0s3  |   U   |
[ 1716.288986] cloud-init[681]: ci-info: |   2   |   10.0.2.2  | 0.0.0.0  | 255.255.255.255 |   enp0s3  |   UH  |
[ 1716.292475] cloud-init[681]: ci-info: +-------+-------------+----------+-----------------+-----------+-------+
[ 1716.295799] cloud-init[681]: ci-info: +++++++++++++++++++Route IPv6 info+++++++++++++++++++
[ 1716.298576] cloud-init[681]: ci-info: +-------+-------------+---------+-----------+-------+
[ 1716.301486] cloud-init[681]: ci-info: | Route | Destination | Gateway | Interface | Flags |
[ 1716.304536] cloud-init[681]: ci-info: +-------+-------------+---------+-----------+-------+
[ 1716.307527] cloud-init[681]: ci-info: |   1   |  fe80::/64  |    ::   |   enp0s3  |   U   |
[ 1716.310421] cloud-init[681]: ci-info: |   3   |    local    |    ::   |   enp0s3  |   U   |
[ 1716.313315] cloud-init[681]: ci-info: |   4   |   ff00::/8  |    ::   |   enp0s3  |   U   |
[ 1716.316074] cloud-init[681]: ci-info: +-------+-------------+---------+-----------+-------+
[[0;32m  OK  [0m] Started Initial cloud-init job (metadata service crawler).
[[0;32m  OK  [0m] Reached target Cloud-config availability.
[[0;32m  OK  [0m] Reached target System Initialization.
[[0;32m  OK  [0m] Listening on ACPID Listen Socket.
[[0;32m  OK  [0m] Started Discard unused blocks once a week.
         Starting LXD - unix socket.
[[0;32m  OK  [0m] Started ACPI Events Check.
[[0;32m  OK  [0m] Started Daily Cleanup of Temporary Directories.
[[0;32m  OK  [0m] Started Daily apt download activities.
[[0;32m  OK  [0m] Started Daily apt upgrade and clean activities.
         Starting Socket activation for snappy daemon.
[[0;32m  OK  [0m] Listening on Open-iSCSI iscsid Socket.
[[0;32m  OK  [0m] Listening on UUID daemon activation socket.
[[0;32m  OK  [0m] Started Message of the Day.
[[0;32m  OK  [0m] Reached target Timers.
[[0;32m  OK  [0m] Listening on D-Bus System Message Bus Socket.
[[0;32m  OK  [0m] Reached target Paths.
[[0;32m  OK  [0m] Reached target Network is Online.
[[0;32m  OK  [0m] Reached target Remote File Systems (Pre).
[[0;32m  OK  [0m] Reached target Remote File Systems.
         Starting Availability of block devices...
[[0;32m  OK  [0m] Listening on LXD - unix socket.
[[0;32m  OK  [0m] Listening on Socket activation for snappy daemon.
         Starting Cleanup of Temporary Directories...
[[0;32m  OK  [0m] Reached target Sockets.
[[0;32m  OK  [0m] Reached target Basic System.
         Starting Virtualbox guest utils...
         Starting Dispatcher daemon for systemd-networkd...
         Starting Accounts Service...
[[0;32m  OK  [0m] Started Regular background program processing daemon.
         Starting Permit User Sessions...
         Starting Message of the Day...
         Starting LSB: Record successful boot for GRUB...
[[0;32m  OK  [0m] Started Deferred execution scheduler.
         Starting Login Service...
[[0;32m  OK  [0m] Started irqbalance daemon.
         Starting LSB: automatic crash report generation...
         Starting Discard unused blocks...
         Starting OpenBSD Secure Shell server...
         Starting LXD - container startup/shutdown...
         Starting Snap Daemon...
[[0;32m  OK  [0m] Started D-Bus System Message Bus.
[[0;32m  OK  [0m] Started Login Service.
[[0;32m  OK  [0m] Started Unattended Upgrades Shutdown.
         Starting System Logging Service...
[[0;32m  OK  [0m] Started FUSE filesystem for LXC.
[[0;32m  OK  [0m] Started Availability of block devices.
[[0;32m  OK  [0m] Started Cleanup of Temporary Directories.
[[0;32m  OK  [0m] Started Permit User Sessions.
[[0;32m  OK  [0m] Started Discard unused blocks.
         Starting Hold until boot process finishes up...
         Starting Terminate Plymouth Boot Screen...
[[0;32m  OK  [0m] Started Hold until boot process finishes up.
         Starting Set console scheme...
[[0;32m  OK  [0m] Started Serial Getty on ttyS0.
[[0;32m  OK  [0m] Started Terminate Plymouth Boot Screen.
[[0;32m  OK  [0m] Started Set console scheme.
[[0;32m  OK  [0m] Created slice system-getty.slice.
[[0;32m  OK  [0m] Started Getty on tty1.
[[0;32m  OK  [0m] Reached target Login Prompts.
[[0;32m  OK  [0m] Started Dispatcher daemon for systemd-networkd.
[[0;32m  OK  [0m] Started LSB: automatic crash report generation.
[[0;32m  OK  [0m] Started LSB: Record successful boot for GRUB.
         Starting Authorization Manager...
[[0;32m  OK  [0m] Started OpenBSD Secure Shell server.
[[0;32m  OK  [0m] Started Authorization Manager.
[[0;32m  OK  [0m] Started Accounts Service.
[[0;32m  OK  [0m] Started System Logging Service.
[[0;32m  OK  [0m] Started Virtualbox guest utils.
[[0;32m  OK  [0m] Started Snap Daemon.
         Starting Wait until snapd is fully seeded...
[[0;32m  OK  [0m] Started LXD - container startup/shutdown.
[[0;32m  OK  [0m] Started Wait until snapd is fully seeded.
         Starting Apply the settings specified in cloud-config...
[[0;32m  OK  [0m] Reached target Multi-User System.
[[0;32m  OK  [0m] Reached target Graphical Interface.
         Starting Update UTMP about System Runlevel Changes...
[[0;32m  OK  [0m] Started Update UTMP about System Runlevel Changes.
[ 1728.906090] cloud-init[1225]: Cloud-init v. 20.3-2-g371b392c-0ubuntu1~18.04.1 running 'modules:config' at Mon, 01 Feb 2021 22:17:04 +0000. Up 1728.77 seconds.

Ubuntu 18.04.5 LTS workspace2 ttyS0

workspace2 login: [ 1729.482086] cloud-init[1281]: Cloud-init v. 20.3-2-g371b392c-0ubuntu1~18.04.1 running 'modules:final' at Mon, 01 Feb 2021 22:17:04 +0000. Up 1729.31 seconds.
[ 1729.489227] cloud-init[1281]: Cloud-init v. 20.3-2-g371b392c-0ubuntu1~18.04.1 finished at Mon, 01 Feb 2021 22:17:04 +0000. Datasource DataSourceNoCloud [seed=/dev/sdb][dsmode=net].  Up 1729.47 seconds

         Stopping Availability of block devices...
         Stopping Getty on tty1...
[[0;32m  OK  [0m] Stopped target Timers.
[[0;32m  OK  [0m] Stopped Discard unused blocks once a week.
[[0;32m  OK  [0m] Stopped Daily apt upgrade and clean activities.
[[0;32m  OK  [0m] Stopped Message of the Day.
[[0;32m  OK  [0m] Stopped Daily Cleanup of Temporary Directories.
[[0;32m  OK  [0m] Stopped Daily apt download activities.
[[0;32m  OK  [0m] Stopped target System Time Synchronized.
         Stopping D-Bus System Message Bus...
[[0;32m  OK  [0m] Stopped target Host and Network Name Lookups.
[[0;32m  OK  [0m] Stopped Wait until snapd is fully seeded.
         Stopping Deferred execution scheduler...
[[0;32m  OK  [0m] Unmounted /var/lib/lxcfs.
[[0;32m  OK  [0m] Stopped Dispatcher daemon for systemd-networkd.
[[0;32m  OK  [0m] Stopped Accounts Service.
[[0;32m  OK  [0m] Stopped Regular background program processing daemon.
[[0;32m  OK  [0m] Stopped Deferred execution scheduler.
[[0;32m  OK  [0m] Stopped irqbalance daemon.
[[0;32m  OK  [0m] Stopped System Logging Service.
[[0;32m  OK  [0m] Stopped Serial Getty on ttyS0.
[[0;32m  OK  [0m] Stopped Getty on tty1.
[[0;32m  OK  [0m] Stopped Authorization Manager.
[[0;32m  OK  [0m] Stopped OpenBSD Secure Shell server.
[[0;32m  OK  [0m] Stopped User Manager for UID 1000.
[[0;32m  OK  [0m] Unmounted /vagrant.
[[0;32m  OK  [0m] Stopped D-Bus System Message Bus.
[[0;32m  OK  [0m] Stopped FUSE filesystem for LXC.
[[0;32m  OK  [0m] Stopped Session 6 of user vagrant.
[[0;32m  OK  [0m] Removed slice User Slice of vagrant.
         Stopping Login Service...
[[0;32m  OK  [0m] Removed slice system-getty.slice.
[[0;32m  OK  [0m] Removed slice system-serial\x2dgetty.slice.
         Stopping Permit User Sessions...
[[0;32m  OK  [0m] Stopped Availability of block devices.
[[0;32m  OK  [0m] Stopped LSB: automatic crash report generation.
[[0;32m  OK  [0m] Stopped Permit User Sessions.
[[0;32m  OK  [0m] Stopped target Network.
         Stopping Network Name Resolution...
[[0;32m  OK  [0m] Stopped target Remote File Systems.
[[0;32m  OK  [0m] Stopped target Remote File Systems (Pre).
[[0;32m  OK  [0m] Stopped Login Service.
[[0;32m  OK  [0m] Stopped Network Name Resolution.
[[0;32m  OK  [0m] Stopped LXD - container startup/shutdown.
[[0;32m  OK  [0m] Stopped LSB: Record successful boot for GRUB.
[[0;32m  OK  [0m] Stopped target User and Group Name Lookups.
[[0;32m  OK  [0m] Stopped Virtualbox guest utils.
[[0;32m  OK  [0m] Stopped target Basic System.
[[0;32m  OK  [0m] Stopped target Paths.
[[0;32m  OK  [0m] Stopped ACPI Events Check.
[[0;32m  OK  [0m] Stopped target Slices.
[[0;32m  OK  [0m] Removed slice User and Session Slice.
[[0;32m  OK  [0m] Stopped target Sockets.
[[0;32m  OK  [0m] Closed Open-iSCSI iscsid Socket.
[[0;32m  OK  [0m] Closed ACPID Listen Socket.
[[0;32m  OK  [0m] Closed Socket activation for snappy daemon.
[[0;32m  OK  [0m] Closed LXD - unix socket.
[[0;32m  OK  [0m] Closed D-Bus System Message Bus Socket.
[[0;32m  OK  [0m] Closed UUID daemon activation socket.
[[0;32m  OK  [0m] Closed Syslog Socket.
[[0;32m  OK  [0m] Stopped target System Initialization.
[[0;32m  OK  [0m] Stopped Initial cloud-init job (metadata service crawler).
[[0;32m  OK  [0m] Stopped Wait for Network to be Configured.
         Stopping Network Service...
         Stopping Load/Save Random Seed...
[[0;32m  OK  [0m] Stopped target Local Encrypted Volumes.
[[0;32m  OK  [0m] Stopped Forward Password Requests to Wall Directory Watch.
[[0;32m  OK  [0m] Stopped Dispatch Password Requests to Console Directory Watch.
         Stopping Update UTMP about System Boot/Shutdown...
[[0;32m  OK  [0m] Stopped Load/Save Random Seed.
[[0;32m  OK  [0m] Stopped Network Service.
[[0;32m  OK  [0m] Stopped Apply Kernel Variables.
[[0;32m  OK  [0m] Stopped Load Kernel Modules.
[[0;32m  OK  [0m] Stopped target Network (Pre).
[[0;32m  OK  [0m] Stopped Initial cloud-init job (pre-networking).
[[0;32m  OK  [0m] Stopped Update UTMP about System Boot/Shutdown.
[[0;32m  OK  [0m] Stopped Create Volatile Files and Directories.
[[0;32m  OK  [0m] Stopped target Local File Systems.
         Unmounting /run/user/1000...
[[0;32m  OK  [0m] Unmounted /run/user/1000.
[[0;32m  OK  [0m] Reached target Unmount All Filesystems.
[[0;32m  OK  [0m] Stopped target Swap.
[[0;32m  OK  [0m] Stopped target Local File Systems (Pre).
         Stopping Monitoring of LVM2 mirrorsâ€¦ng dmeventd or progress polling...
[[0;32m  OK  [0m] Stopped Create Static Device Nodes in /dev.
[[0;32m  OK  [0m] Stopped Remount Root and Kernel File Systems.
[[0;32m  OK  [0m] Reached target Shutdown.
[[0;32m  OK  [0m] Reached target Final Step.
         Starting Power-Off...
[11927.337037] reboot: Power down
